// Jest Snapshot v1, https://goo.gl/fbAQLP

exports[`NotFoundTemplate renders correctly 1`] = `
<div
  className="layout"
>
  <StaticQuery
    render={[Function]}
  />
  <div
    className="page"
  >
    <div
      className="page__inner"
    >
      <h1
        className="page__title"
      >
        🔍 There's nothing around here...
      </h1>
      <div
        className="page__body"
      >
        <img
          src="/not-found.webp"
          style={
            Object {
              "maxWidth": "50%",
            }
          }
        />
      </div>
    </div>
  </div>
</div>
`;
