// Jest Snapshot v1, https://goo.gl/fbAQLP

exports[`NotFoundTemplate renders correctly 1`] = `
<div
  className="layout"
>
  <StaticQuery
    render={[Function]}
  />
  <div
    className="page"
  >
    <div
      className="page__inner"
    >
      <h1
        className="page__title"
      >
        🔍 There's nothing around here...
      </h1>
      <div
        className="page__body"
      >
        <picture>
          <source
            alt="Not found animation"
            className={
              Object {
                "maxWidth": "50%",
              }
            }
            srcSet="/not-found.webp"
            type="image/webp"
          />
          <source
            alt="Not found animation"
            className={
              Object {
                "maxWidth": "50%",
              }
            }
            srcSet="/not-found.jpg"
            type="image/jpeg"
          />
          <img
            alt="Not found animation"
            className={
              Object {
                "maxWidth": "50%",
              }
            }
            src="/not-found.jpg"
          />
        </picture>
      </div>
    </div>
  </div>
</div>
`;
